This test requires the ipfs daemon to be running
asdf
bcle
1234
1234
bcle
asdf
